============================
TESTS FOR 7-base_geometry.py
============================
>>> BaseGeometry = __import__('7-base_geometry').BaseGeometry

# Case 1: Area Exception

>>> bg = BaseGeometry()
>>> bg.area()
Traceback (most recent call last):
  ...
Exception: area() is not implemented

# Case 2: Valid int

>>> bg = BaseGeometry()
>>> bg.integer_validator("width", 5)

# Case 3: Invalid non-int 

>>> bg = BaseGeometry()
>>> bg.integer_validator("height", "invalid")
Traceback (most recent call last):
  ...
TypeError: height must be an integer

# Case 4: Invalid zero input

>>> bg = BaseGeometry()
>>> bg.integer_validator("side", 0)
Traceback (most recent call last):
  ...
ValueError: side must be greater than 0

# Case 5: Invalid negative input

>>> bg = BaseGeometry()
>>> bg.integer_validator("length", -10)
Traceback (most recent call last):
  ...
ValueError: length must be greater than 0
